.\gradlew : WARNING: A restricted method in java.lang.System has been called
At line:1 char:1
+ .\gradlew assembleDebug 2>&1 | Tee-Object -FilePath "build_output.txt ...
+ ~~~~~~~~~~~~~~~~~~~~~~~~~~~~
    + CategoryInfo          : NotSpecified: (WARNING: A rest...has been called:String) [], RemoteException
    + FullyQualifiedErrorId : NativeCommandError
 
WARNING: java.lang.System::load has been called by net.rubygrapefruit.platform.internal.NativeLibraryLoader in an 
unnamed module (file:/C:/Users/johne/.gradle/wrapper/dists/gradle-9.1.0-bin/9agqghryom9wkf8r80qlhnts3/gradle-9.1.0/lib/
native-platform-0.22-milestone-28.jar)
WARNING: Use --enable-native-access=ALL-UNNAMED to avoid a warning for callers in this module
WARNING: Restricted methods will be blocked in a future release unless native access is enabled

Starting a Gradle Daemon, 2 incompatible and 2 stopped Daemons could not be reused, use --status for details
Reusing configuration cache.
> Task :app:generateDebugAssets UP-TO-DATE
> Task :app:preBuild UP-TO-DATE
> Task :app:preDebugBuild UP-TO-DATE
> Task :app:mergeDebugNativeDebugMetadata NO-SOURCE
> Task :app:generateDebugResources UP-TO-DATE
> Task :app:createDebugCompatibleScreenManifests UP-TO-DATE
> Task :app:processDebugGoogleServices UP-TO-DATE
> Task :app:desugarDebugFileDependencies UP-TO-DATE
> Task :app:javaPreCompileDebug UP-TO-DATE
> Task :app:mergeDebugJniLibFolders UP-TO-DATE
> Task :app:packageDebugResources UP-TO-DATE
> Task :app:extractDeepLinksDebug UP-TO-DATE
> Task :app:mapDebugSourceSetPaths UP-TO-DATE
> Task :app:mergeDebugResources UP-TO-DATE
> Task :app:validateSigningDebug UP-TO-DATE
> Task :app:writeDebugAppMetadata UP-TO-DATE
> Task :app:writeDebugSigningConfigVersions UP-TO-DATE
> Task :app:checkDebugAarMetadata UP-TO-DATE
> Task :app:mergeDebugAssets UP-TO-DATE
> Task :app:processDebugNavigationResources UP-TO-DATE
> Task :app:compressDebugAssets UP-TO-DATE
> Task :app:compileDebugNavigationResources UP-TO-DATE
> Task :app:checkDebugDuplicateClasses UP-TO-DATE
> Task :app:parseDebugLocalResources UP-TO-DATE
> Task :app:generateDebugRFile UP-TO-DATE
> Task :app:mergeDebugNativeLibs UP-TO-DATE
> Task :app:mergeLibDexDebug UP-TO-DATE
> Task :app:stripDebugDebugSymbols UP-TO-DATE
> Task :app:processDebugMainManifest UP-TO-DATE
> Task :app:processDebugManifest UP-TO-DATE
> Task :app:processDebugManifestForPackage UP-TO-DATE
> Task :app:mergeExtDexDebug UP-TO-DATE
> Task :app:kspDebugKotlin UP-TO-DATE

> Task :app:processDebugResources
Warning: SDK processing. This version only understands SDK XML versions up to 3 but an SDK XML file of version 4 was 
encountered. This can happen if you use versions of Android Studio and the command-line tools that were released at 
different times.

> Task :app:processDebugResources UP-TO-DATE

> Task :app:compileDebugKotlin
e: file:///C:/Users/johne/School/CPE%203323/CPE-3323/app/src/main/java/com/usc/cems/ui/components/CemsBottomNavBar.kt:1
1:34 Unresolved reference 'icons'.
e: file:///C:/Users/johne/School/CPE%203323/CPE-3323/app/src/main/java/com/usc/cems/ui/components/CemsBottomNavBar.kt:1
2:34 Unresolved reference 'icons'.
e: file:///C:/Users/johne/School/CPE%203323/CPE-3323/app/src/main/java/com/usc/cems/ui/components/CemsBottomNavBar.kt:1
3:34 Unresolved reference 'icons'.
e: file:///C:/Users/johne/School/CPE%203323/CPE-3323/app/src/main/java/com/usc/cems/ui/components/CemsBottomNavBar.kt:1
4:34 Unresolved reference 'icons'.
e: file:///C:/Users/johne/School/CPE%203323/CPE-3323/app/src/main/java/com/usc/cems/ui/components/CemsBottomNavBar.kt:3
5:18 Unresolved reference 'Icons'.
e: file:///C:/Users/johne/School/CPE%203323/CPE-3323/app/src/main/java/com/usc/cems/ui/components/CemsBottomNavBar.kt:3
6:30 Unresolved reference 'Icons'.
e: file:///C:/Users/johne/School/CPE%203323/CPE-3323/app/src/main/java/com/usc/cems/ui/components/CemsBottomNavBar.kt:3
7:24 Unresolved reference 'Icons'.
e: 
file:///C:/Users/johne/School/CPE%203323/CPE-3323/app/src/main/java/com/usc/cems/ui/components/CemsTextField.kt:24:34 
Unresolved reference 'icons'.
e: 
file:///C:/Users/johne/School/CPE%203323/CPE-3323/app/src/main/java/com/usc/cems/ui/components/CemsTextField.kt:25:34 
Unresolved reference 'icons'.
e: 
file:///C:/Users/johne/School/CPE%203323/CPE-3323/app/src/main/java/com/usc/cems/ui/components/CemsTextField.kt:26:34 
Unresolved reference 'icons'.
e: 
file:///C:/Users/johne/School/CPE%203323/CPE-3323/app/src/main/java/com/usc/cems/ui/components/CemsTextField.kt:95:29 
Unresolved reference 'Icons'.
e: 
file:///C:/Users/johne/School/CPE%203323/CPE-3323/app/src/main/java/com/usc/cems/ui/components/CemsTextField.kt:97:29 
Unresolved reference 'Icons'.
e: 
file:///C:/Users/johne/School/CPE%203323/CPE-3323/app/src/main/java/com/usc/cems/ui/components/CemsTopAppBar.kt:4:34 
Unresolved reference 'icons'.
e: 
file:///C:/Users/johne/School/CPE%203323/CPE-3323/app/src/main/java/com/usc/cems/ui/components/CemsTopAppBar.kt:5:34 
Unresolved reference 'icons'.
e: 
file:///C:/Users/johne/School/CPE%203323/CPE-3323/app/src/main/java/com/usc/cems/ui/components/CemsTopAppBar.kt:45:39 
Unresolved reference 'Icons'.
e: file:///C:/Users/johne/School/CPE%203323/CPE-3323/app/src/main/java/com/usc/cems/ui/components/EventCard.kt:16:34 
Unresolved reference 'icons'.
e: file:///C:/Users/johne/School/CPE%203323/CPE-3323/app/src/main/java/com/usc/cems/ui/components/EventCard.kt:17:34 
Unresolved reference 'icons'.
e: file:///C:/Users/johne/School/CPE%203323/CPE-3323/app/src/main/java/com/usc/cems/ui/components/EventCard.kt:18:34 
Unresolved reference 'icons'.
e: file:///C:/Users/johne/School/CPE%203323/CPE-3323/app/src/main/java/com/usc/cems/ui/components/EventCard.kt:117:39 
Unresolved reference 'Icons'.
e: file:///C:/Users/johne/School/CPE%203323/CPE-3323/app/src/main/java/com/usc/cems/ui/components/EventCard.kt:135:39 
Unresolved reference 'Icons'.

> Task :app:compileDebugKotlin FAILED

FAILURE: Build failed with an exception.

* What went wrong:
Execution failed for task ':app:compileDebugKotlin'.
> A failure occurred while executing org.jetbrains.kotlin.compilerRunner.btapi.BuildToolsApiCompilationWork
   > Compilation error. See log for more details

* Try:
> Run with --stacktrace option to get the stack trace.
> Run with --info or --debug option to get more log output.
> Run with --scan to generate a Build Scan (Powered by Develocity).
> Get more help at https://help.gradle.org.

BUILD FAILED in 31s
31 actionable tasks: 1 executed, 30 up-to-date
Configuration cache entry reused.
